[INFO] Scanning for projects...
[INFO] 
[INFO] -------------------< com.virtualpolice:vps-backend >--------------------
[INFO] Building virtual-police-station-backend 1.0.0
[INFO]   from pom.xml
[INFO] --------------------------------[ jar ]---------------------------------
[INFO] 
[INFO] >>> spring-boot:3.4.3:run (default-cli) > test-compile @ vps-backend >>>
[INFO] 
[INFO] --- resources:3.3.1:resources (default-resources) @ vps-backend ---
[INFO] Copying 2 resources from src\main\resources to target\classes
[INFO] Copying 0 resource from src\main\resources to target\classes
[INFO] 
[INFO] --- compiler:3.13.0:compile (default-compile) @ vps-backend ---
[INFO] Nothing to compile - all classes are up to date.
[INFO] 
[INFO] --- resources:3.3.1:testResources (default-testResources) @ vps-backend ---
[INFO] skip non existing resourceDirectory D:\Virtual Police station\backend\src\test\resources
[INFO] 
[INFO] --- compiler:3.13.0:testCompile (default-testCompile) @ vps-backend ---
[INFO] Nothing to compile - all classes are up to date.
[INFO] 
[INFO] <<< spring-boot:3.4.3:run (default-cli) < test-compile @ vps-backend <<<
[INFO] 
[INFO] 
[INFO] --- spring-boot:3.4.3:run (default-cli) @ vps-backend ---
[INFO] Attaching agents: []

  .   ____          _            __ _ _
 /\\ / ___'_ __ _ _(_)_ __  __ _ \ \ \ \
( ( )\___ | '_ | '_| | '_ \/ _` | \ \ \ \
 \\/  ___)| |_)| | | | | || (_| |  ) ) ) )
  '  |____| .__|_| |_|_| |_\__, | / / / /
 =========|_|==============|___/=/_/_/_/

 :: Spring Boot ::                (v3.4.3)

2026-05-03T00:36:00.469+05:30  INFO 16540 --- [           main] c.v.vps.VirtualPoliceStationApplication  : Starting VirtualPoliceStationApplication using Java 21.0.10 with PID 16540 (D:\Virtual Police station\backend\target\classes started by Tanmay Saha in D:\Virtual Police station\backend)
2026-05-03T00:36:00.472+05:30  INFO 16540 --- [           main] c.v.vps.VirtualPoliceStationApplication  : No active profile set, falling back to 1 default profile: "default"
2026-05-03T00:36:01.264+05:30  INFO 16540 --- [           main] .s.d.r.c.RepositoryConfigurationDelegate : Bootstrapping Spring Data JPA repositories in DEFAULT mode.
2026-05-03T00:36:01.324+05:30  INFO 16540 --- [           main] .s.d.r.c.RepositoryConfigurationDelegate : Finished Spring Data repository scanning in 52 ms. Found 7 JPA repository interfaces.
2026-05-03T00:36:01.961+05:30  INFO 16540 --- [           main] o.s.b.w.embedded.tomcat.TomcatWebServer  : Tomcat initialized with port 8080 (http)
2026-05-03T00:36:01.972+05:30  INFO 16540 --- [           main] o.apache.catalina.core.StandardService   : Starting service [Tomcat]
2026-05-03T00:36:01.972+05:30  INFO 16540 --- [           main] o.apache.catalina.core.StandardEngine    : Starting Servlet engine: [Apache Tomcat/10.1.36]
2026-05-03T00:36:02.030+05:30  INFO 16540 --- [           main] o.a.c.c.C.[Tomcat].[localhost].[/]       : Initializing Spring embedded WebApplicationContext
2026-05-03T00:36:02.031+05:30  INFO 16540 --- [           main] w.s.c.ServletWebServerApplicationContext : Root WebApplicationContext: initialization completed in 1522 ms
2026-05-03T00:36:02.281+05:30  INFO 16540 --- [           main] o.hibernate.jpa.internal.util.LogHelper  : HHH000204: Processing PersistenceUnitInfo [name: default]
2026-05-03T00:36:02.323+05:30  INFO 16540 --- [           main] org.hibernate.Version                    : HHH000412: Hibernate ORM core version 6.6.8.Final
2026-05-03T00:36:02.351+05:30  INFO 16540 --- [           main] o.h.c.internal.RegionFactoryInitiator    : HHH000026: Second-level cache disabled
2026-05-03T00:36:02.561+05:30  INFO 16540 --- [           main] o.s.o.j.p.SpringPersistenceUnitInfo      : No LoadTimeWeaver setup: ignoring JPA class transformer
2026-05-03T00:36:02.586+05:30  INFO 16540 --- [           main] com.zaxxer.hikari.HikariDataSource       : HikariPool-1 - Starting...
2026-05-03T00:36:06.910+05:30  INFO 16540 --- [           main] com.zaxxer.hikari.pool.HikariPool        : HikariPool-1 - Added connection conn1: url=jdbc:h2:file:./data/vpsdb user=SA
2026-05-03T00:36:06.912+05:30  INFO 16540 --- [           main] com.zaxxer.hikari.HikariDataSource       : HikariPool-1 - Start completed.
2026-05-03T00:36:06.960+05:30  INFO 16540 --- [           main] org.hibernate.orm.connections.pooling    : HHH10001005: Database info:
	Database JDBC URL [Connecting through datasource 'HikariDataSource (HikariPool-1)']
	Database driver: undefined/unknown
	Database version: 2.3.232
	Autocommit mode: undefined/unknown
	Isolation level: undefined/unknown
	Minimum pool size: undefined/unknown
	Maximum pool size: undefined/unknown
2026-05-03T00:36:07.847+05:30  INFO 16540 --- [           main] o.h.e.t.j.p.i.JtaPlatformInitiator       : HHH000489: No JTA platform available (set 'hibernate.transaction.jta.platform' to enable JTA platform integration)
2026-05-03T00:36:07.896+05:30  INFO 16540 --- [           main] j.LocalContainerEntityManagerFactoryBean : Initialized JPA EntityManagerFactory for persistence unit 'default'
2026-05-03T00:36:08.479+05:30  INFO 16540 --- [           main] eAuthenticationProviderManagerConfigurer : Global AuthenticationManager configured with AuthenticationProvider bean with name authenticationProvider
2026-05-03T00:36:08.479+05:30  WARN 16540 --- [           main] r$InitializeUserDetailsManagerConfigurer : Global AuthenticationManager configured with an AuthenticationProvider bean. UserDetailsService beans will not be used by Spring Security for automatically configuring username/password login. Consider removing the AuthenticationProvider bean. Alternatively, consider using the UserDetailsService in a manually instantiated DaoAuthenticationProvider. If the current configuration is intentional, to turn off this warning, increase the logging level of 'org.springframework.security.config.annotation.authentication.configuration.InitializeUserDetailsBeanManagerConfigurer' to ERROR
2026-05-03T00:36:08.556+05:30  WARN 16540 --- [           main] JpaBaseConfiguration$JpaWebConfiguration : spring.jpa.open-in-view is enabled by default. Therefore, database queries may be performed during view rendering. Explicitly configure spring.jpa.open-in-view to disable this warning
2026-05-03T00:36:09.004+05:30  INFO 16540 --- [           main] o.s.b.a.e.web.EndpointLinksResolver      : Exposing 1 endpoint beneath base path '/actuator'
2026-05-03T00:36:09.302+05:30  INFO 16540 --- [           main] o.s.b.a.h2.H2ConsoleAutoConfiguration    : H2 console available at '/h2-console'. Database available at 'jdbc:h2:file:./data/vpsdb'
2026-05-03T00:36:09.416+05:30  INFO 16540 --- [           main] o.s.b.w.embedded.tomcat.TomcatWebServer  : Tomcat started on port 8080 (http) with context path '/'
2026-05-03T00:36:09.425+05:30  INFO 16540 --- [           main] c.v.vps.VirtualPoliceStationApplication  : Started VirtualPoliceStationApplication in 9.342 seconds (process running for 9.682)
2026-05-03T00:36:18.785+05:30  INFO 16540 --- [nio-8080-exec-1] o.a.c.c.C.[Tomcat].[localhost].[/]       : Initializing Spring DispatcherServlet 'dispatcherServlet'
2026-05-03T00:36:18.785+05:30  INFO 16540 --- [nio-8080-exec-1] o.s.web.servlet.DispatcherServlet        : Initializing Servlet 'dispatcherServlet'
2026-05-03T00:36:18.786+05:30  INFO 16540 --- [nio-8080-exec-1] o.s.web.servlet.DispatcherServlet        : Completed initialization in 1 ms
Hibernate: 
    select
        ua1_0.id,
        ua1_0.aadhaar_number,
        ua1_0.created_at,
        ua1_0.email,
        ua1_0.full_name,
        ua1_0.password_hash,
        ua1_0.role 
    from
        users ua1_0 
    where
        ua1_0.email=?
Hibernate: 
    select
        ua1_0.id,
        ua1_0.aadhaar_number,
        ua1_0.created_at,
        ua1_0.email,
        ua1_0.full_name,
        ua1_0.password_hash,
        ua1_0.role 
    from
        users ua1_0 
    where
        ua1_0.email=?
Hibernate: 
    select
        ua1_0.id,
        ua1_0.aadhaar_number,
        ua1_0.created_at,
        ua1_0.email,
        ua1_0.full_name,
        ua1_0.password_hash,
        ua1_0.role 
    from
        users ua1_0 
    where
        ua1_0.email=?
Hibernate: 
    select
        ua1_0.id,
        ua1_0.aadhaar_number,
        ua1_0.created_at,
        ua1_0.email,
        ua1_0.full_name,
        ua1_0.password_hash,
        ua1_0.role 
    from
        users ua1_0 
    where
        ua1_0.email=?
Hibernate: 
    select
        fr1_0.id,
        fr1_0.assigned_officer_id,
        fr1_0.assigned_station,
        fr1_0.category,
        fr1_0.citizen_id,
        fr1_0.created_at,
        fr1_0.description,
        fr1_0.digital_signature_hash,
        fr1_0.extracted_crime_keywords,
        fr1_0.extracted_location,
        fr1_0.extracted_name,
        fr1_0.extracted_text,
        fr1_0.location,
        fr1_0.priority,
        fr1_0.status,
        fr1_0.title 
    from
        fir_reports fr1_0 
    join
        users c1_0 
            on c1_0.id=fr1_0.citizen_id 
    where
        c1_0.id=?
Hibernate: 
    select
        ua1_0.id,
        ua1_0.aadhaar_number,
        ua1_0.created_at,
        ua1_0.email,
        ua1_0.full_name,
        ua1_0.password_hash,
        ua1_0.role 
    from
        users ua1_0 
    where
        ua1_0.email=?
Hibernate: 
    select
        ua1_0.id,
        ua1_0.aadhaar_number,
        ua1_0.created_at,
        ua1_0.email,
        ua1_0.full_name,
        ua1_0.password_hash,
        ua1_0.role 
    from
        users ua1_0 
    where
        ua1_0.email=?
Hibernate: 
    select
        fr1_0.id,
        fr1_0.assigned_officer_id,
        fr1_0.assigned_station,
        fr1_0.category,
        fr1_0.citizen_id,
        fr1_0.created_at,
        fr1_0.description,
        fr1_0.digital_signature_hash,
        fr1_0.extracted_crime_keywords,
        fr1_0.extracted_location,
        fr1_0.extracted_name,
        fr1_0.extracted_text,
        fr1_0.location,
        fr1_0.priority,
        fr1_0.status,
        fr1_0.title 
    from
        fir_reports fr1_0 
    join
        users c1_0 
            on c1_0.id=fr1_0.citizen_id 
    where
        c1_0.id=?
Hibernate: 
    insert 
    into
        otp_sessions
        (aadhaar_number, expires_at, otp_code, verified, id) 
    values
        (?, ?, ?, ?, default)
Hibernate: 
    select
        os1_0.id,
        os1_0.aadhaar_number,
        os1_0.expires_at,
        os1_0.otp_code,
        os1_0.verified 
    from
        otp_sessions os1_0 
    where
        os1_0.aadhaar_number=? 
    order by
        os1_0.id desc 
    fetch
        first ? rows only
Hibernate: 
    update
        otp_sessions 
    set
        aadhaar_number=?,
        expires_at=?,
        otp_code=?,
        verified=? 
    where
        id=?
Hibernate: 
    select
        ua1_0.id 
    from
        users ua1_0 
    where
        ua1_0.email=? 
    fetch
        first ? rows only
Hibernate: 
    select
        os1_0.id,
        os1_0.aadhaar_number,
        os1_0.expires_at,
        os1_0.otp_code,
        os1_0.verified 
    from
        otp_sessions os1_0 
    where
        os1_0.aadhaar_number=? 
    order by
        os1_0.id desc 
    fetch
        first ? rows only
Hibernate: 
    insert 
    into
        users
        (aadhaar_number, created_at, email, full_name, password_hash, role, id) 
    values
        (?, ?, ?, ?, ?, ?, default)
Hibernate: 
    select
        ua1_0.id,
        ua1_0.aadhaar_number,
        ua1_0.created_at,
        ua1_0.email,
        ua1_0.full_name,
        ua1_0.password_hash,
        ua1_0.role 
    from
        users ua1_0 
    where
        ua1_0.email=?
Hibernate: 
    select
        ua1_0.id,
        ua1_0.aadhaar_number,
        ua1_0.created_at,
        ua1_0.email,
        ua1_0.full_name,
        ua1_0.password_hash,
        ua1_0.role 
    from
        users ua1_0 
    where
        ua1_0.email=?
Hibernate: 
    select
        fr1_0.id,
        fr1_0.assigned_officer_id,
        fr1_0.assigned_station,
        fr1_0.category,
        fr1_0.citizen_id,
        fr1_0.created_at,
        fr1_0.description,
        fr1_0.digital_signature_hash,
        fr1_0.extracted_crime_keywords,
        fr1_0.extracted_location,
        fr1_0.extracted_name,
        fr1_0.extracted_text,
        fr1_0.location,
        fr1_0.priority,
        fr1_0.status,
        fr1_0.title 
    from
        fir_reports fr1_0 
    join
        users c1_0 
            on c1_0.id=fr1_0.citizen_id 
    where
        c1_0.id=?
Hibernate: 
    select
        ua1_0.id,
        ua1_0.aadhaar_number,
        ua1_0.created_at,
        ua1_0.email,
        ua1_0.full_name,
        ua1_0.password_hash,
        ua1_0.role 
    from
        users ua1_0 
    where
        ua1_0.email=?
Hibernate: 
    select
        ua1_0.id,
        ua1_0.aadhaar_number,
        ua1_0.created_at,
        ua1_0.email,
        ua1_0.full_name,
        ua1_0.password_hash,
        ua1_0.role 
    from
        users ua1_0 
    where
        ua1_0.email=?
Hibernate: 
    select
        fr1_0.id,
        fr1_0.assigned_officer_id,
        fr1_0.assigned_station,
        fr1_0.category,
        fr1_0.citizen_id,
        fr1_0.created_at,
        fr1_0.description,
        fr1_0.digital_signature_hash,
        fr1_0.extracted_crime_keywords,
        fr1_0.extracted_location,
        fr1_0.extracted_name,
        fr1_0.extracted_text,
        fr1_0.location,
        fr1_0.priority,
        fr1_0.status,
        fr1_0.title 
    from
        fir_reports fr1_0 
    join
        users c1_0 
            on c1_0.id=fr1_0.citizen_id 
    where
        c1_0.id=?
